<?xml version="1.0" encoding="utf-8"?>
<TestRun id="8c6a75cd-a44e-4974-a4df-ee308a630f38" name="@MacBook-Air-som-tillhor-Johanna 2025-04-27 09:20:38" xmlns="http://microsoft.com/schemas/VisualStudio/TeamTest/2010">
  <Times creation="2025-04-27T09:20:38.5999210+02:00" queuing="2025-04-27T09:20:38.5999210+02:00" start="2025-04-27T09:20:38.3113680+02:00" finish="2025-04-27T09:20:38.6001230+02:00" />
  <TestSettings name="default" id="08b8a8c9-4412-4e25-90f5-5b3770edd3ad">
    <Deployment runDeploymentRoot="_MacBook-Air-som-tillhor-Johanna_2025-04-27_09_20_38" />
  </TestSettings>
  <TestLists>
    <TestList name="Results Not in a List" id="8c84fa94-04c1-424b-9868-57a2d4851a1d" />
    <TestList name="All Loaded Results" id="19431567-8539-422a-85d7-44ee4e166bda" />
  </TestLists>
  <ResultSummary outcome="Completed">
    <Counters total="0" executed="0" passed="0" failed="0" error="0" timeout="0" aborted="0" inconclusive="0" passedButRunAborted="0" notRunnable="0" notExecuted="0" disconnected="0" warning="0" completed="0" inProgress="0" pending="0" />
    <Output>
      <StdOut>NUnit Adapter 5.0.0.0: Test execution started
Running selected tests in /Users/johannahulten/Documents/LifeOrbit/server/YellowHouseStudio.LifeOrbit.Tests.Integration/bin/Debug/net8.0/YellowHouseStudio.LifeOrbit.Tests.Integration.dll
   NUnit3TestExecutor discovered 0 of 0 NUnit test cases using Current Discovery mode, Explicit run
NUnit Adapter 5.0.0.0: Test execution complete
</StdOut>
    </Output>
    <RunInfos>
      <RunInfo computerName="MacBook-Air-som-tillhor-Johanna" outcome="Warning" timestamp="2025-04-27T09:20:38.5648430+02:00">
        <Text>No test matches the given testcase filter `FullyQualifiedName~FamilyAllergiesControllerTests` in /Users/johannahulten/Documents/LifeOrbit/server/YellowHouseStudio.LifeOrbit.Tests.Integration/bin/Debug/net8.0/YellowHouseStudio.LifeOrbit.Tests.Integration.dll</Text>
      </RunInfo>
    </RunInfos>
  </ResultSummary>
</TestRun>